---- errors -------------------------
---- warnings -----------------------
biblatex-gost-examples.log:Package Babel Warning: The package option `english' should not be used
biblatex-gost-examples.log:Package biblatex Warning: Type 'suppcollection' not found on input line 118.
biblatex-gost-examples.log:LaTeX Warning: Empty bibliography on input line 118.
biblatex-gost-examples.log:Package biblatex Warning: Type 'inreference' not found on input line 118.
biblatex-gost-examples.log:LaTeX Warning: Empty bibliography on input line 118.
biblatex-gost.log:Package typearea Warning: You've used deprecated option `DIV9'.
biblatex-gost.log:(typearea)                in further warnings.
biblatex-gost.log:Package hyperref Warning: Option `bookmarks' has already been used,
biblatex-gost.log:Package hyperref Warning: Option `hyperfootnotes' has already been used,
biblatex-gost.log:Package hyperref Warning: Option `pdfpagelabels' has already been used,
biblatex-gost.log:Package csquotes Info: Enabling strict warnings.
biblatex-gost.log:Class scrartcl Warning: Usage of package `tocloft' together
biblatex-gost.log:Package tocloft Warning: \@starttoc has already been redefined; tocloft bailing
[22891] Biber.pm:131> WARN - ISBN '5-02-026807-0 (Наука), 5-87399-054-9 (Ювента)' in entry 'merleau-ponty:fv' is invalid - run biber with '--validate_datamodel' for details.
[22893] Biber.pm:131> WARN - legacy year field 'cop. 2002' in entry 'standard2' is not an integer - this will probably not sort properly.
[22894] Biber.pm:131> WARN - ISBN '5-201-02033-Х' in entry 'if6' is invalid - run biber with '--validate_datamodel' for details.
[22895] Biber.pm:131> WARN - ISBN '5-7333-0485-6' in entry 'wittgenstein:fr1' is invalid - run biber with '--validate_datamodel' for details.
[22895] Biber.pm:131> WARN - ISBN '0387984038, 9780387984032' in entry 'maclane:cwm' is invalid - run biber with '--validate_datamodel' for details.
[22896] Biber.pm:131> WARN - ISBN '0720422701,9780720422702,9780080887050' in entry 'fraenkel-bar-hillel-levy:fst' is invalid - run biber with '--validate_datamodel' for details.
[22896] Biber.pm:131> WARN - ISBN '5-9292-0039-4 (ПЕР СЭ)~; 5-323-00003-1 (Университетская книга)' in entry 'pfa' is invalid - run biber with '--validate_datamodel' for details.
[22897] Biber.pm:131> WARN - ISBN '0521110815,9780521110815' in entry 'lc2006' is invalid - run biber with '--validate_datamodel' for details.
[22897] Biber.pm:131> WARN - ISBN '0415324955,9780415324953,9780203086711' in entry 'rep' is invalid - run biber with '--validate_datamodel' for details.
[22898] Biber.pm:131> WARN - ISBN '5-85133-062-7, 5-7914-0008-X' in entry 'badiou:ap-ru' is invalid - run biber with '--validate_datamodel' for details.
[22898] Biber.pm:131> WARN - ISBN '5-201-02047-Х' in entry 'if7' is invalid - run biber with '--validate_datamodel' for details.
[22899] Biber.pm:131> WARN - legacy year field 'cop. 2002' in entry 'standard2h' is not an integer - this will probably not sort properly.
[22900] Biber.pm:131> WARN - ISBN '978-5-88373-185-6' in entry 'fe' is invalid - run biber with '--validate_datamodel' for details.
[22901] Biber.pm:131> WARN - ISBN '985-485-082-Х' in entry 'jaspers:iu' is invalid - run biber with '--validate_datamodel' for details.
[22903] Biber.pm:131> WARN - ISBN '978-5-17-060345-9, 978-5-403-03334-3' in entry 'foucault:ibke' is invalid - run biber with '--validate_datamodel' for details.
[22918] Biber.pm:131> WARN - ISBN '978-0-8218-2294-4 (print); 978-1-4704-0705-6 (online)' in entry 'scedrov:fct' is invalid - run biber with '--validate_datamodel' for details.
[22922] Biber.pm:131> WARN - ISBN '978-5-9757-0422-1, 978-5-403-00102-1' in entry 'sloterdijk:kcr' is invalid - run biber with '--validate_datamodel' for details.
[22925] Biber.pm:131> WARN - ISBN '978-5-88373-180-5' in entry 'ayer:yail-book' is invalid - run biber with '--validate_datamodel' for details.
[22929] Biber.pm:131> WARN - ISBN '5-85133-061-9, 5-7914-0056-4' in entry 'cassin:es' is invalid - run biber with '--validate_datamodel' for details.
[22932] Biber.pm:131> WARN - ISBN '3540440852,9783540440857' in entry 'jech:st2006' is invalid - run biber with '--validate_datamodel' for details.
[22935] Biber.pm:131> WARN - ISBN '978-5-88373-263-1' in entry 'adorno:zhp' is invalid - run biber with '--validate_datamodel' for details.
[22943] Biber.pm:131> WARN - legacy year field '2006/1' in entry 'duportail:pp' is not an integer - this will probably not sort properly.
[22944] Biber.pm:131> WARN - legacy year field '2005/1' in entry 'duportail:alu' is not an integer - this will probably not sort properly.
[22946] Biber.pm:131> WARN - ISBN '978-1-4822-3778-8,1482237784' in entry 'mendelson:iml2015' is invalid - run biber with '--validate_datamodel' for details.
[22948] Biber.pm:133> INFO - WARNINGS: 24
